
> vertex_global_tech@0.0.0 build
> vite build

[36mrolldown-vite v7.2.5 [32mbuilding client environment for production...[36m[39m
[2K
transforming...Ô£ô 1289 modules transformed.
node.exe : [31mÔ£ù[39m 
Build failed in 13.09s
At C:\Program 
Files\nodejs\npm.ps1:29 
char:3
+   & $NODE_EXE $NPM_CLI_JS 
$args
+   
~~~~~~~~~~~~~~~~~~~~~~~~~~~~~
    + CategoryInfo           
   : NotSpecified: ([31mÔ£  
  ù[39m Build failed in 1   
 3.09s:String) [], Remote    
Exception
    + FullyQualifiedErrorId  
   : NativeCommandError
 
[31merror during build:
[31mBuild failed with 1 
error:

[31m[PARSE_ERROR] 
Error:[0m Identifier `api` 
has already been declared
   [38;5;246mÔò¡[0m[38;5;2
46mÔöÇ[0m[38;5;246m[[0m sr
c/pages/services/SocialMedia.
jsx:2:10 [38;5;246m][0m
   [38;5;246mÔöé[0m
 [38;5;246m2 Ôöé[0m [38;5;
249mi[0m[38;5;249mm[0m[38
;5;249mp[0m[38;5;249mo[0m
[38;5;249mr[0m[38;5;249mt[
0m[38;5;249m [0m[38;5;249m
{[0m[38;5;249m 
[0mapi[38;5;249m [0m[38;5
;249m}[0m[38;5;249m [0m[3
8;5;249mf[0m[38;5;249mr[0m
[38;5;249mo[0m[38;5;249mm
[0m[38;5;249m [0m[38;5;249
m"[0m[38;5;249m.[0m[38;5;
249m.[0m[38;5;249m/[0m[38
;5;249m.[0m[38;5;249m.[0m
[38;5;249m/[0m[38;5;249mu[
0m[38;5;249mt[0m[38;5;249m
i[0m[38;5;249ml[0m[38;5;2
49ms[0m[38;5;249m/[0m[38;
5;249ma[0m[38;5;249mp[0m[
38;5;249mi[0m[38;5;249m"[0
m[38;5;249m;[0m
 [38;5;240m  Ôöé[0m        
  ÔöÇÔö¼ÔöÇ  
 [38;5;240m  Ôöé[0m        
   Ôò░ÔöÇÔöÇÔöÇ `api` has 
already been declared here
 [38;5;246m3 Ôöé[0m [38;5;
249mi[0m[38;5;249mm[0m[38
;5;249mp[0m[38;5;249mo[0m
[38;5;249mr[0m[38;5;249mt[
0m[38;5;249m [0m[38;5;249m
{[0m[38;5;249m 
[0mapi[38;5;249m [0m[38;5
;249m}[0m[38;5;249m [0m[3
8;5;249mf[0m[38;5;249mr[0m
[38;5;249mo[0m[38;5;249mm
[0m[38;5;249m [0m[38;5;249
m"[0m[38;5;249m.[0m[38;5;
249m.[0m[38;5;249m/[0m[38
;5;249m.[0m[38;5;249m.[0m
[38;5;249m/[0m[38;5;249mu[
0m[38;5;249mt[0m[38;5;249m
i[0m[38;5;249ml[0m[38;5;2
49ms[0m[38;5;249m/[0m[38;
5;249ma[0m[38;5;249mp[0m[
38;5;249mi[0m[38;5;249m"[0
m[38;5;249m;[0m
 [38;5;240m  Ôöé[0m        
  ÔöÇÔö¼ÔöÇ  
 [38;5;240m  Ôöé[0m        
   Ôò░ÔöÇÔöÇÔöÇ It can not 
be redeclared here
[38;5;246mÔöÇÔöÇÔöÇÔò»[0m
[31m
    at aggregateBindingErrors
IntoJsError (file:///C:/data/
htdocs/Vertex/node_modules/ro
lldown/dist/shared/src-CYkh2Y
bc.mjs:2659:18)
    at unwrapBindingResult (f
ile:///C:/data/htdocs/Vertex/
node_modules/rolldown/dist/sh
ared/src-CYkh2Ybc.mjs:2634:12
8)
    at #build (file:///C:/dat
a/htdocs/Vertex/node_modules/
rolldown/dist/shared/src-CYkh
2Ybc.mjs:4433:34)
    at async 
buildEnvironment (file:///C:/
data/htdocs/Vertex/node_modul
es/vite/dist/node/chunks/node
.js:33468:64)
    at async Object.build (fi
le:///C:/data/htdocs/Vertex/n
ode_modules/vite/dist/node/ch
unks/node.js:33871:19)
    at async Object.buildApp 
(file:///C:/data/htdocs/Verte
x/node_modules/vite/dist/node
/chunks/node.js:33868:153)
    at async CAC.<anonymous> 
(file:///C:/data/htdocs/Verte
x/node_modules/vite/dist/node
/cli.js:629:3)[39m
